edge_saw_rise: 1 Δτ, 1 count, in rise-subscriber 0
edge_saw_rise: 1 Δτ, 1 count, in rise-subscriber 1
edge_saw_rise: 1 Δτ, 1 count, in rise-subscriber 2
edge_saw_rise: 1 Δτ, 1 count, in rise-subscriber 3
edge_saw_rise: 1 Δτ, 1 count, in rise-subscriber 4
edge_saw_rise: 1 Δτ, 1 count, in rise-subscriber 5
edge_saw_rise: 1 Δτ, 1 count, in rise-subscriber 6
edge_saw_rise: 1 Δτ, 1 count, in rise-subscriber 7
edge_saw_rise: 1 Δτ, 1 count, in rise-subscriber 8
edge_saw_rise: 1 Δτ, 1 count, in rise-subscriber 9
edge_saw_rise: 1 Δτ, 1 count, in rise-subscriber 10
edge_saw_rise: 1 Δτ, 1 count, in rise-subscriber 11
edge_saw_rise: 1 Δτ, 1 count, in rise-subscriber 12
edge_saw_rise: 1 Δτ, 1 count, in rise-subscriber 13
edge_saw_rise: 1 Δτ, 1 count, in rise-subscriber 14
edge_saw_rise: 1 Δτ, 1 count, in rise-subscriber 15
edge_saw_rise: 1 Δτ, 1 count, in rise-subscriber 16
edge_saw_rise: 1 Δτ, 1 count, in rise-subscriber 17
edge_saw_rise: 1 Δτ, 1 count, in rise-subscriber 18
edge_saw_rise: 1 Δτ, 1 count, in rise-subscriber 19
edge_saw_rise: 1 Δτ, 1 count, in rise-subscriber 20
edge_saw_rise: 1 Δτ, 1 count, in rise-subscriber 21
edge_saw_rise: 1 Δτ, 1 count, in rise-subscriber 22
edge_saw_rise: 1 Δτ, 1 count, in rise-subscriber 23
edge_saw_rise: 1 Δτ, 1 count, in rise-subscriber 24
edge_saw_rise: 1 Δτ, 1 count, in rise-subscriber 25
edge_saw_rise: 1 Δτ, 1 count, in rise-subscriber 26
edge_saw_rise: 1 Δτ, 1 count, in rise-subscriber 27
edge_saw_rise: 1 Δτ, 1 count, in rise-subscriber 28
edge_saw_rise: 1 Δτ, 1 count, in rise-subscriber 29
edge_saw_rise: 1 Δτ, 1 count, in rise-subscriber 30
edge_saw_rise: 1 Δτ, 1 count, in rise-subscriber 31
edge_saw_rise: 1 Δτ, 1 count, in rise-subscriber 32
edge_saw_rise: 1 Δτ, 1 count, in rise-subscriber 33
edge_saw_rise: 1 Δτ, 1 count, in rise-subscriber 34
edge_saw_rise: 1 Δτ, 1 count, in rise-subscriber 35
edge_saw_rise: 1 Δτ, 1 count, in rise-subscriber 36
edge_saw_rise: 1 Δτ, 1 count, in rise-subscriber 37
edge_saw_rise: 1 Δτ, 1 count, in rise-subscriber 38
edge_saw_rise: 1 Δτ, 1 count, in rise-subscriber 39
edge_saw_rise: 1 Δτ, 1 count, in rise-subscriber 40
edge_saw_rise: 1 Δτ, 1 count, in rise-subscriber 41
edge_saw_rise: 1 Δτ, 1 count, in rise-subscriber 42
edge_saw_rise: 1 Δτ, 1 count, in rise-subscriber 43
edge_saw_rise: 1 Δτ, 1 count, in rise-subscriber 44
edge_saw_rise: 1 Δτ, 1 count, in rise-subscriber 45
edge_saw_rise: 1 Δτ, 1 count, in rise-subscriber 46
edge_saw_rise: 1 Δτ, 1 count, in rise-subscriber 47
edge_saw_rise: 1 Δτ, 1 count, in rise-subscriber 48
edge_saw_rise: 1 Δτ, 1 count, in rise-subscriber 49
edge_saw_fall: 2 Δτ, 1 count, in fall-subscriber 0
edge_saw_fall: 2 Δτ, 1 count, in fall-subscriber 1
edge_saw_fall: 2 Δτ, 1 count, in fall-subscriber 2
edge_saw_fall: 2 Δτ, 1 count, in fall-subscriber 3
edge_saw_fall: 2 Δτ, 1 count, in fall-subscriber 4
edge_saw_fall: 2 Δτ, 1 count, in fall-subscriber 5
edge_saw_fall: 2 Δτ, 1 count, in fall-subscriber 6
edge_saw_fall: 2 Δτ, 1 count, in fall-subscriber 7
edge_saw_fall: 2 Δτ, 1 count, in fall-subscriber 8
edge_saw_fall: 2 Δτ, 1 count, in fall-subscriber 9
edge_saw_fall: 2 Δτ, 1 count, in fall-subscriber 10
edge_saw_fall: 2 Δτ, 1 count, in fall-subscriber 11
edge_saw_fall: 2 Δτ, 1 count, in fall-subscriber 12
edge_saw_fall: 2 Δτ, 1 count, in fall-subscriber 13
edge_saw_fall: 2 Δτ, 1 count, in fall-subscriber 14
edge_saw_fall: 2 Δτ, 1 count, in fall-subscriber 15
edge_saw_fall: 2 Δτ, 1 count, in fall-subscriber 16
edge_saw_fall: 2 Δτ, 1 count, in fall-subscriber 17
edge_saw_fall: 2 Δτ, 1 count, in fall-subscriber 18
edge_saw_fall: 2 Δτ, 1 count, in fall-subscriber 19
edge_saw_fall: 2 Δτ, 1 count, in fall-subscriber 20
edge_saw_fall: 2 Δτ, 1 count, in fall-subscriber 21
edge_saw_fall: 2 Δτ, 1 count, in fall-subscriber 22
edge_saw_fall: 2 Δτ, 1 count, in fall-subscriber 23
edge_saw_fall: 2 Δτ, 1 count, in fall-subscriber 24
edge_saw_fall: 2 Δτ, 1 count, in fall-subscriber 25
edge_saw_fall: 2 Δτ, 1 count, in fall-subscriber 26
edge_saw_fall: 2 Δτ, 1 count, in fall-subscriber 27
edge_saw_fall: 2 Δτ, 1 count, in fall-subscriber 28
edge_saw_fall: 2 Δτ, 1 count, in fall-subscriber 29
edge_saw_fall: 2 Δτ, 1 count, in fall-subscriber 30
edge_saw_fall: 2 Δτ, 1 count, in fall-subscriber 31
edge_saw_fall: 2 Δτ, 1 count, in fall-subscriber 32
edge_saw_fall: 2 Δτ, 1 count, in fall-subscriber 33
edge_saw_fall: 2 Δτ, 1 count, in fall-subscriber 34
edge_saw_fall: 2 Δτ, 1 count, in fall-subscriber 35
edge_saw_fall: 2 Δτ, 1 count, in fall-subscriber 36
edge_saw_fall: 2 Δτ, 1 count, in fall-subscriber 37
edge_saw_fall: 2 Δτ, 1 count, in fall-subscriber 38
edge_saw_fall: 2 Δτ, 1 count, in fall-subscriber 39
edge_saw_fall: 2 Δτ, 1 count, in fall-subscriber 40
edge_saw_fall: 2 Δτ, 1 count, in fall-subscriber 41
edge_saw_fall: 2 Δτ, 1 count, in fall-subscriber 42
edge_saw_fall: 2 Δτ, 1 count, in fall-subscriber 43
edge_saw_fall: 2 Δτ, 1 count, in fall-subscriber 44
edge_saw_fall: 2 Δτ, 1 count, in fall-subscriber 45
edge_saw_fall: 2 Δτ, 1 count, in fall-subscriber 46
edge_saw_fall: 2 Δτ, 1 count, in fall-subscriber 47
edge_saw_fall: 2 Δτ, 1 count, in fall-subscriber 48
edge_saw_fall: 2 Δτ, 1 count, in fall-subscriber 49
edge_saw_rise: 3 Δτ, 2 count, in rise-subscriber 0
edge_saw_rise: 3 Δτ, 2 count, in rise-subscriber 1
edge_saw_rise: 3 Δτ, 2 count, in rise-subscriber 2
edge_saw_rise: 3 Δτ, 2 count, in rise-subscriber 3
edge_saw_rise: 3 Δτ, 2 count, in rise-subscriber 4
edge_saw_rise: 3 Δτ, 2 count, in rise-subscriber 5
edge_saw_rise: 3 Δτ, 2 count, in rise-subscriber 6
edge_saw_rise: 3 Δτ, 2 count, in rise-subscriber 7
edge_saw_rise: 3 Δτ, 2 count, in rise-subscriber 8
edge_saw_rise: 3 Δτ, 2 count, in rise-subscriber 9
edge_saw_rise: 3 Δτ, 2 count, in rise-subscriber 10
edge_saw_rise: 3 Δτ, 2 count, in rise-subscriber 11
edge_saw_rise: 3 Δτ, 2 count, in rise-subscriber 12
edge_saw_rise: 3 Δτ, 2 count, in rise-subscriber 13
edge_saw_rise: 3 Δτ, 2 count, in rise-subscriber 14
edge_saw_rise: 3 Δτ, 2 count, in rise-subscriber 15
edge_saw_rise: 3 Δτ, 2 count, in rise-subscriber 16
edge_saw_rise: 3 Δτ, 2 count, in rise-subscriber 17
edge_saw_rise: 3 Δτ, 2 count, in rise-subscriber 18
edge_saw_rise: 3 Δτ, 2 count, in rise-subscriber 19
edge_saw_rise: 3 Δτ, 2 count, in rise-subscriber 20
edge_saw_rise: 3 Δτ, 2 count, in rise-subscriber 21
edge_saw_rise: 3 Δτ, 2 count, in rise-subscriber 22
edge_saw_rise: 3 Δτ, 2 count, in rise-subscriber 23
edge_saw_rise: 3 Δτ, 2 count, in rise-subscriber 24
edge_saw_rise: 3 Δτ, 2 count, in rise-subscriber 25
edge_saw_rise: 3 Δτ, 2 count, in rise-subscriber 26
edge_saw_rise: 3 Δτ, 2 count, in rise-subscriber 27
edge_saw_rise: 3 Δτ, 2 count, in rise-subscriber 28
edge_saw_rise: 3 Δτ, 2 count, in rise-subscriber 29
edge_saw_rise: 3 Δτ, 2 count, in rise-subscriber 30
edge_saw_rise: 3 Δτ, 2 count, in rise-subscriber 31
edge_saw_rise: 3 Δτ, 2 count, in rise-subscriber 32
edge_saw_rise: 3 Δτ, 2 count, in rise-subscriber 33
edge_saw_rise: 3 Δτ, 2 count, in rise-subscriber 34
edge_saw_rise: 3 Δτ, 2 count, in rise-subscriber 35
edge_saw_rise: 3 Δτ, 2 count, in rise-subscriber 36
edge_saw_rise: 3 Δτ, 2 count, in rise-subscriber 37
edge_saw_rise: 3 Δτ, 2 count, in rise-subscriber 38
edge_saw_rise: 3 Δτ, 2 count, in rise-subscriber 39
edge_saw_rise: 3 Δτ, 2 count, in rise-subscriber 40
edge_saw_rise: 3 Δτ, 2 count, in rise-subscriber 41
edge_saw_rise: 3 Δτ, 2 count, in rise-subscriber 42
edge_saw_rise: 3 Δτ, 2 count, in rise-subscriber 43
edge_saw_rise: 3 Δτ, 2 count, in rise-subscriber 44
edge_saw_rise: 3 Δτ, 2 count, in rise-subscriber 45
edge_saw_rise: 3 Δτ, 2 count, in rise-subscriber 46
edge_saw_rise: 3 Δτ, 2 count, in rise-subscriber 47
edge_saw_rise: 3 Δτ, 2 count, in rise-subscriber 48
edge_saw_rise: 3 Δτ, 2 count, in rise-subscriber 49
edge_saw_fall: 6 Δτ, 2 count, in fall-subscriber 0
edge_saw_fall: 6 Δτ, 2 count, in fall-subscriber 1
edge_saw_fall: 6 Δτ, 2 count, in fall-subscriber 2
edge_saw_fall: 6 Δτ, 2 count, in fall-subscriber 3
edge_saw_fall: 6 Δτ, 2 count, in fall-subscriber 4
edge_saw_fall: 6 Δτ, 2 count, in fall-subscriber 5
edge_saw_fall: 6 Δτ, 2 count, in fall-subscriber 6
edge_saw_fall: 6 Δτ, 2 count, in fall-subscriber 7
edge_saw_fall: 6 Δτ, 2 count, in fall-subscriber 8
edge_saw_fall: 6 Δτ, 2 count, in fall-subscriber 9
edge_saw_fall: 6 Δτ, 2 count, in fall-subscriber 10
edge_saw_fall: 6 Δτ, 2 count, in fall-subscriber 11
edge_saw_fall: 6 Δτ, 2 count, in fall-subscriber 12
edge_saw_fall: 6 Δτ, 2 count, in fall-subscriber 13
edge_saw_fall: 6 Δτ, 2 count, in fall-subscriber 14
edge_saw_fall: 6 Δτ, 2 count, in fall-subscriber 15
edge_saw_fall: 6 Δτ, 2 count, in fall-subscriber 16
edge_saw_fall: 6 Δτ, 2 count, in fall-subscriber 17
edge_saw_fall: 6 Δτ, 2 count, in fall-subscriber 18
edge_saw_fall: 6 Δτ, 2 count, in fall-subscriber 19
edge_saw_fall: 6 Δτ, 2 count, in fall-subscriber 20
edge_saw_fall: 6 Δτ, 2 count, in fall-subscriber 21
edge_saw_fall: 6 Δτ, 2 count, in fall-subscriber 22
edge_saw_fall: 6 Δτ, 2 count, in fall-subscriber 23
edge_saw_fall: 6 Δτ, 2 count, in fall-subscriber 24
edge_saw_fall: 6 Δτ, 2 count, in fall-subscriber 25
edge_saw_fall: 6 Δτ, 2 count, in fall-subscriber 26
edge_saw_fall: 6 Δτ, 2 count, in fall-subscriber 27
edge_saw_fall: 6 Δτ, 2 count, in fall-subscriber 28
edge_saw_fall: 6 Δτ, 2 count, in fall-subscriber 29
edge_saw_fall: 6 Δτ, 2 count, in fall-subscriber 30
edge_saw_fall: 6 Δτ, 2 count, in fall-subscriber 31
edge_saw_fall: 6 Δτ, 2 count, in fall-subscriber 32
edge_saw_fall: 6 Δτ, 2 count, in fall-subscriber 33
edge_saw_fall: 6 Δτ, 2 count, in fall-subscriber 34
edge_saw_fall: 6 Δτ, 2 count, in fall-subscriber 35
edge_saw_fall: 6 Δτ, 2 count, in fall-subscriber 36
edge_saw_fall: 6 Δτ, 2 count, in fall-subscriber 37
edge_saw_fall: 6 Δτ, 2 count, in fall-subscriber 38
edge_saw_fall: 6 Δτ, 2 count, in fall-subscriber 39
edge_saw_fall: 6 Δτ, 2 count, in fall-subscriber 40
edge_saw_fall: 6 Δτ, 2 count, in fall-subscriber 41
edge_saw_fall: 6 Δτ, 2 count, in fall-subscriber 42
edge_saw_fall: 6 Δτ, 2 count, in fall-subscriber 43
edge_saw_fall: 6 Δτ, 2 count, in fall-subscriber 44
edge_saw_fall: 6 Δτ, 2 count, in fall-subscriber 45
edge_saw_fall: 6 Δτ, 2 count, in fall-subscriber 46
edge_saw_fall: 6 Δτ, 2 count, in fall-subscriber 47
edge_saw_fall: 6 Δτ, 2 count, in fall-subscriber 48
edge_saw_fall: 6 Δτ, 2 count, in fall-subscriber 49
   0.000 μs rise gen_PHI1
   0.111 μs fall gen_PHI1
   0.111 μs rise gen_PHI2
   0.388 μs fall gen_PHI2
   0.500 μs rise gen_PHI1
   0.611 μs fall gen_PHI1
   0.611 μs rise gen_PHI2
   0.888 μs fall gen_PHI2
   1.000 μs rise gen_PHI1
   1.111 μs fall gen_PHI1
   1.111 μs rise gen_PHI2
   1.388 μs fall gen_PHI2
   1.500 μs rise gen_PHI1
   1.611 μs fall gen_PHI1
   1.611 μs rise gen_PHI2
   1.666 μs rise gen_STSTB_
   1.666 μs fall gen_RESET
   1.888 μs fall gen_PHI2
   2.000 μs rise gen_PHI1
   2.111 μs fall gen_PHI1
   2.111 μs rise SYNC
   2.111 μs rise gen_PHI2
   2.388 μs fall gen_PHI2
   2.444 μs fall gen_STSTB_
   2.500 μs rise gen_STSTB_
   2.500 μs rise gen_PHI1
   2.611 μs fall gen_PHI1
   2.611 μs fall SYNC
   2.611 μs rise gen_PHI2
   2.888 μs fall gen_PHI2
   3.000 μs rise gen_PHI1
   3.111 μs fall gen_PHI1
   3.111 μs rise gen_PHI2
   3.388 μs fall gen_PHI2
   3.500 μs rise gen_PHI1
   3.611 μs fall gen_PHI1
   3.611 μs rise gen_PHI2
   3.888 μs fall gen_PHI2
   4.000 μs rise gen_PHI1
   4.111 μs fall gen_PHI1
   4.111 μs rise SYNC
   4.111 μs rise gen_PHI2
   4.388 μs fall gen_PHI2
   4.444 μs fall gen_STSTB_
   4.500 μs rise gen_STSTB_
   4.500 μs rise gen_PHI1
   4.611 μs fall gen_PHI1
   4.611 μs fall SYNC
   4.611 μs rise gen_PHI2
   4.888 μs fall gen_PHI2
   5.000 μs rise gen_PHI1
   5.111 μs fall gen_PHI1
   5.111 μs rise gen_PHI2
   5.388 μs fall gen_PHI2
   5.500 μs rise gen_PHI1
   5.611 μs fall gen_PHI1
   5.611 μs rise gen_PHI2
   5.666 μs rise gen_READY
   5.888 μs fall gen_PHI2
   6.000 μs rise gen_PHI1
   6.111 μs fall gen_PHI1
   6.111 μs rise SYNC
   6.111 μs rise gen_PHI2
   6.388 μs fall gen_PHI2
   6.444 μs fall gen_STSTB_
   6.500 μs rise gen_STSTB_
   6.500 μs rise gen_PHI1
   6.611 μs fall gen_PHI1
   6.611 μs fall SYNC
   6.611 μs rise gen_PHI2
   6.888 μs fall gen_PHI2
   7.000 μs rise gen_PHI1
   7.111 μs fall gen_PHI1
   7.111 μs rise gen_PHI2
   7.388 μs fall gen_PHI2
   7.500 μs rise gen_PHI1
   7.611 μs fall gen_PHI1
   7.611 μs rise gen_PHI2
   7.888 μs fall gen_PHI2
   8.000 μs rise gen_PHI1
   8.111 μs fall gen_PHI1
   8.111 μs rise SYNC
   8.111 μs rise gen_PHI2
   8.388 μs fall gen_PHI2
   8.444 μs fall gen_STSTB_
   8.500 μs rise gen_STSTB_
   8.500 μs rise gen_PHI1
   8.611 μs fall gen_PHI1
   8.611 μs fall SYNC
   8.611 μs rise gen_PHI2
   8.888 μs fall gen_PHI2
   9.000 μs rise gen_PHI1
   9.111 μs fall gen_PHI1
   9.111 μs rise gen_PHI2
   9.388 μs fall gen_PHI2
   9.500 μs rise gen_PHI1
   9.611 μs fall gen_PHI1
   9.611 μs rise gen_PHI2
   9.888 μs fall gen_PHI2
  10.000 μs rise gen_PHI1
  10.111 μs fall gen_PHI1
  10.111 μs rise SYNC
  10.111 μs rise gen_PHI2
  10.388 μs fall gen_PHI2
  10.444 μs fall gen_STSTB_
  10.500 μs rise gen_STSTB_
  10.500 μs rise gen_PHI1
  10.611 μs fall gen_PHI1
  10.611 μs fall SYNC
  10.611 μs rise gen_PHI2
  10.888 μs fall gen_PHI2
  11.000 μs rise gen_PHI1
  11.111 μs fall gen_PHI1
  11.111 μs rise gen_PHI2
  11.388 μs fall gen_PHI2
  11.500 μs rise gen_PHI1
  11.611 μs fall gen_PHI1
  11.611 μs rise gen_PHI2
  11.888 μs fall gen_PHI2
  12.000 μs rise gen_PHI1
  12.111 μs fall gen_PHI1
  12.111 μs rise SYNC
  12.111 μs rise gen_PHI2
  12.388 μs fall gen_PHI2
  12.444 μs fall gen_STSTB_
  12.500 μs rise gen_STSTB_
  12.500 μs rise gen_PHI1
  12.611 μs fall gen_PHI1
  12.611 μs fall SYNC
  12.611 μs rise gen_PHI2
  12.888 μs fall gen_PHI2
  13.000 μs rise gen_PHI1
  13.111 μs fall gen_PHI1
  13.111 μs rise gen_PHI2
  13.388 μs fall gen_PHI2
  13.500 μs rise gen_PHI1
  13.611 μs fall gen_PHI1
  13.611 μs rise gen_PHI2
  13.888 μs fall gen_PHI2
  14.000 μs rise gen_PHI1
  14.111 μs fall gen_PHI1
  14.111 μs rise SYNC
  14.111 μs rise gen_PHI2
  14.388 μs fall gen_PHI2
  14.444 μs fall gen_STSTB_
  14.500 μs rise gen_STSTB_
  14.500 μs rise gen_PHI1
  14.611 μs fall gen_PHI1
  14.611 μs fall SYNC
  14.611 μs rise gen_PHI2
  14.888 μs fall gen_PHI2
  15.000 μs rise gen_PHI1
  15.111 μs fall gen_PHI1
  15.111 μs rise gen_PHI2
  15.388 μs fall gen_PHI2
  15.500 μs rise gen_PHI1
  15.611 μs fall gen_PHI1
  15.611 μs rise gen_PHI2
  15.888 μs fall gen_PHI2
  16.000 μs rise gen_PHI1
  16.111 μs fall gen_PHI1
  16.111 μs rise SYNC
  16.111 μs rise gen_PHI2
  16.388 μs fall gen_PHI2
  16.444 μs fall gen_STSTB_
  16.500 μs rise gen_STSTB_
  16.500 μs rise gen_PHI1
  16.611 μs fall gen_PHI1
  16.611 μs fall SYNC
  16.611 μs rise gen_PHI2
  16.888 μs fall gen_PHI2
  17.000 μs rise gen_PHI1
  17.111 μs fall gen_PHI1
  17.111 μs rise gen_PHI2
  17.388 μs fall gen_PHI2
  17.500 μs rise gen_PHI1
  17.611 μs fall gen_PHI1
  17.611 μs rise gen_PHI2
  17.888 μs fall gen_PHI2
  18.000 μs rise gen_PHI1
  18.111 μs fall gen_PHI1
  18.111 μs rise SYNC
  18.111 μs rise gen_PHI2
  18.388 μs fall gen_PHI2
  18.444 μs fall gen_STSTB_
  18.500 μs rise gen_STSTB_
  18.500 μs rise gen_PHI1
  18.611 μs fall gen_PHI1
  18.611 μs fall SYNC
  18.611 μs rise gen_PHI2
  18.888 μs fall gen_PHI2
  19.000 μs rise gen_PHI1
  19.111 μs fall gen_PHI1
  19.111 μs rise gen_PHI2
  19.388 μs fall gen_PHI2
  19.500 μs rise gen_PHI1
  19.611 μs fall gen_PHI1
  19.611 μs rise gen_PHI2
  19.888 μs fall gen_PHI2
  20.000 μs rise gen_PHI1
  20.111 μs fall gen_PHI1
  20.111 μs rise SYNC
  20.111 μs rise gen_PHI2
  20.388 μs fall gen_PHI2
  20.444 μs fall gen_STSTB_
  20.500 μs rise gen_STSTB_
  20.500 μs rise gen_PHI1
  20.611 μs fall gen_PHI1
  20.611 μs fall SYNC
  20.611 μs rise gen_PHI2
  20.888 μs fall gen_PHI2
  21.000 μs rise gen_PHI1
  21.111 μs fall gen_PHI1
  21.111 μs rise gen_PHI2
  21.388 μs fall gen_PHI2
  21.500 μs rise gen_PHI1
  21.611 μs fall gen_PHI1
  21.611 μs rise gen_PHI2
  21.888 μs fall gen_PHI2
  22.000 μs rise gen_PHI1
  22.111 μs fall gen_PHI1
  22.111 μs rise SYNC
  22.111 μs rise gen_PHI2
  22.388 μs fall gen_PHI2
  22.444 μs fall gen_STSTB_
  22.500 μs rise gen_STSTB_
  22.500 μs rise gen_PHI1
  22.611 μs fall gen_PHI1
  22.611 μs fall SYNC
  22.611 μs rise gen_PHI2
  22.888 μs fall gen_PHI2
  23.000 μs rise gen_PHI1
  23.111 μs fall gen_PHI1
  23.111 μs rise gen_PHI2
  23.388 μs fall gen_PHI2
  23.500 μs rise gen_PHI1
  23.611 μs fall gen_PHI1
  23.611 μs rise gen_PHI2
  23.888 μs fall gen_PHI2
  24.000 μs rise gen_PHI1
  24.111 μs fall gen_PHI1
  24.111 μs rise SYNC
  24.111 μs rise gen_PHI2
  24.388 μs fall gen_PHI2
  24.444 μs fall gen_STSTB_
  24.500 μs rise gen_STSTB_
  24.500 μs rise gen_PHI1
  24.611 μs fall gen_PHI1
  24.611 μs fall SYNC
  24.611 μs rise gen_PHI2
  24.888 μs fall gen_PHI2
  25.000 μs rise gen_PHI1
  25.111 μs fall gen_PHI1
  25.111 μs rise gen_PHI2
  25.388 μs fall gen_PHI2
  25.500 μs rise gen_PHI1
  25.611 μs fall gen_PHI1
  25.611 μs rise gen_PHI2
  25.888 μs fall gen_PHI2
