edge_saw_rise: 1 Δτ, 1 count, in rise-subscriber 0
edge_saw_rise: 1 Δτ, 1 count, in rise-subscriber 1
edge_saw_rise: 1 Δτ, 1 count, in rise-subscriber 2
edge_saw_rise: 1 Δτ, 1 count, in rise-subscriber 3
edge_saw_rise: 1 Δτ, 1 count, in rise-subscriber 4
edge_saw_rise: 1 Δτ, 1 count, in rise-subscriber 5
edge_saw_rise: 1 Δτ, 1 count, in rise-subscriber 6
edge_saw_rise: 1 Δτ, 1 count, in rise-subscriber 7
edge_saw_rise: 1 Δτ, 1 count, in rise-subscriber 8
edge_saw_rise: 1 Δτ, 1 count, in rise-subscriber 9
edge_saw_rise: 1 Δτ, 1 count, in rise-subscriber 10
edge_saw_rise: 1 Δτ, 1 count, in rise-subscriber 11
edge_saw_rise: 1 Δτ, 1 count, in rise-subscriber 12
edge_saw_rise: 1 Δτ, 1 count, in rise-subscriber 13
edge_saw_rise: 1 Δτ, 1 count, in rise-subscriber 14
edge_saw_rise: 1 Δτ, 1 count, in rise-subscriber 15
edge_saw_rise: 1 Δτ, 1 count, in rise-subscriber 16
edge_saw_rise: 1 Δτ, 1 count, in rise-subscriber 17
edge_saw_rise: 1 Δτ, 1 count, in rise-subscriber 18
edge_saw_rise: 1 Δτ, 1 count, in rise-subscriber 19
edge_saw_rise: 1 Δτ, 1 count, in rise-subscriber 20
edge_saw_rise: 1 Δτ, 1 count, in rise-subscriber 21
edge_saw_rise: 1 Δτ, 1 count, in rise-subscriber 22
edge_saw_rise: 1 Δτ, 1 count, in rise-subscriber 23
edge_saw_rise: 1 Δτ, 1 count, in rise-subscriber 24
edge_saw_rise: 1 Δτ, 1 count, in rise-subscriber 25
edge_saw_rise: 1 Δτ, 1 count, in rise-subscriber 26
edge_saw_rise: 1 Δτ, 1 count, in rise-subscriber 27
edge_saw_rise: 1 Δτ, 1 count, in rise-subscriber 28
edge_saw_rise: 1 Δτ, 1 count, in rise-subscriber 29
edge_saw_rise: 1 Δτ, 1 count, in rise-subscriber 30
edge_saw_rise: 1 Δτ, 1 count, in rise-subscriber 31
edge_saw_rise: 1 Δτ, 1 count, in rise-subscriber 32
edge_saw_rise: 1 Δτ, 1 count, in rise-subscriber 33
edge_saw_rise: 1 Δτ, 1 count, in rise-subscriber 34
edge_saw_rise: 1 Δτ, 1 count, in rise-subscriber 35
edge_saw_rise: 1 Δτ, 1 count, in rise-subscriber 36
edge_saw_rise: 1 Δτ, 1 count, in rise-subscriber 37
edge_saw_rise: 1 Δτ, 1 count, in rise-subscriber 38
edge_saw_rise: 1 Δτ, 1 count, in rise-subscriber 39
edge_saw_rise: 1 Δτ, 1 count, in rise-subscriber 40
edge_saw_rise: 1 Δτ, 1 count, in rise-subscriber 41
edge_saw_rise: 1 Δτ, 1 count, in rise-subscriber 42
edge_saw_rise: 1 Δτ, 1 count, in rise-subscriber 43
edge_saw_rise: 1 Δτ, 1 count, in rise-subscriber 44
edge_saw_rise: 1 Δτ, 1 count, in rise-subscriber 45
edge_saw_rise: 1 Δτ, 1 count, in rise-subscriber 46
edge_saw_rise: 1 Δτ, 1 count, in rise-subscriber 47
edge_saw_rise: 1 Δτ, 1 count, in rise-subscriber 48
edge_saw_rise: 1 Δτ, 1 count, in rise-subscriber 49
edge_saw_fall: 2 Δτ, 1 count, in fall-subscriber 0
edge_saw_fall: 2 Δτ, 1 count, in fall-subscriber 1
edge_saw_fall: 2 Δτ, 1 count, in fall-subscriber 2
edge_saw_fall: 2 Δτ, 1 count, in fall-subscriber 3
edge_saw_fall: 2 Δτ, 1 count, in fall-subscriber 4
edge_saw_fall: 2 Δτ, 1 count, in fall-subscriber 5
edge_saw_fall: 2 Δτ, 1 count, in fall-subscriber 6
edge_saw_fall: 2 Δτ, 1 count, in fall-subscriber 7
edge_saw_fall: 2 Δτ, 1 count, in fall-subscriber 8
edge_saw_fall: 2 Δτ, 1 count, in fall-subscriber 9
edge_saw_fall: 2 Δτ, 1 count, in fall-subscriber 10
edge_saw_fall: 2 Δτ, 1 count, in fall-subscriber 11
edge_saw_fall: 2 Δτ, 1 count, in fall-subscriber 12
edge_saw_fall: 2 Δτ, 1 count, in fall-subscriber 13
edge_saw_fall: 2 Δτ, 1 count, in fall-subscriber 14
edge_saw_fall: 2 Δτ, 1 count, in fall-subscriber 15
edge_saw_fall: 2 Δτ, 1 count, in fall-subscriber 16
edge_saw_fall: 2 Δτ, 1 count, in fall-subscriber 17
edge_saw_fall: 2 Δτ, 1 count, in fall-subscriber 18
edge_saw_fall: 2 Δτ, 1 count, in fall-subscriber 19
edge_saw_fall: 2 Δτ, 1 count, in fall-subscriber 20
edge_saw_fall: 2 Δτ, 1 count, in fall-subscriber 21
edge_saw_fall: 2 Δτ, 1 count, in fall-subscriber 22
edge_saw_fall: 2 Δτ, 1 count, in fall-subscriber 23
edge_saw_fall: 2 Δτ, 1 count, in fall-subscriber 24
edge_saw_fall: 2 Δτ, 1 count, in fall-subscriber 25
edge_saw_fall: 2 Δτ, 1 count, in fall-subscriber 26
edge_saw_fall: 2 Δτ, 1 count, in fall-subscriber 27
edge_saw_fall: 2 Δτ, 1 count, in fall-subscriber 28
edge_saw_fall: 2 Δτ, 1 count, in fall-subscriber 29
edge_saw_fall: 2 Δτ, 1 count, in fall-subscriber 30
edge_saw_fall: 2 Δτ, 1 count, in fall-subscriber 31
edge_saw_fall: 2 Δτ, 1 count, in fall-subscriber 32
edge_saw_fall: 2 Δτ, 1 count, in fall-subscriber 33
edge_saw_fall: 2 Δτ, 1 count, in fall-subscriber 34
edge_saw_fall: 2 Δτ, 1 count, in fall-subscriber 35
edge_saw_fall: 2 Δτ, 1 count, in fall-subscriber 36
edge_saw_fall: 2 Δτ, 1 count, in fall-subscriber 37
edge_saw_fall: 2 Δτ, 1 count, in fall-subscriber 38
edge_saw_fall: 2 Δτ, 1 count, in fall-subscriber 39
edge_saw_fall: 2 Δτ, 1 count, in fall-subscriber 40
edge_saw_fall: 2 Δτ, 1 count, in fall-subscriber 41
edge_saw_fall: 2 Δτ, 1 count, in fall-subscriber 42
edge_saw_fall: 2 Δτ, 1 count, in fall-subscriber 43
edge_saw_fall: 2 Δτ, 1 count, in fall-subscriber 44
edge_saw_fall: 2 Δτ, 1 count, in fall-subscriber 45
edge_saw_fall: 2 Δτ, 1 count, in fall-subscriber 46
edge_saw_fall: 2 Δτ, 1 count, in fall-subscriber 47
edge_saw_fall: 2 Δτ, 1 count, in fall-subscriber 48
edge_saw_fall: 2 Δτ, 1 count, in fall-subscriber 49
edge_saw_rise: 3 Δτ, 2 count, in rise-subscriber 0
edge_saw_rise: 3 Δτ, 2 count, in rise-subscriber 1
edge_saw_rise: 3 Δτ, 2 count, in rise-subscriber 2
edge_saw_rise: 3 Δτ, 2 count, in rise-subscriber 3
edge_saw_rise: 3 Δτ, 2 count, in rise-subscriber 4
edge_saw_rise: 3 Δτ, 2 count, in rise-subscriber 5
edge_saw_rise: 3 Δτ, 2 count, in rise-subscriber 6
edge_saw_rise: 3 Δτ, 2 count, in rise-subscriber 7
edge_saw_rise: 3 Δτ, 2 count, in rise-subscriber 8
edge_saw_rise: 3 Δτ, 2 count, in rise-subscriber 9
edge_saw_rise: 3 Δτ, 2 count, in rise-subscriber 10
edge_saw_rise: 3 Δτ, 2 count, in rise-subscriber 11
edge_saw_rise: 3 Δτ, 2 count, in rise-subscriber 12
edge_saw_rise: 3 Δτ, 2 count, in rise-subscriber 13
edge_saw_rise: 3 Δτ, 2 count, in rise-subscriber 14
edge_saw_rise: 3 Δτ, 2 count, in rise-subscriber 15
edge_saw_rise: 3 Δτ, 2 count, in rise-subscriber 16
edge_saw_rise: 3 Δτ, 2 count, in rise-subscriber 17
edge_saw_rise: 3 Δτ, 2 count, in rise-subscriber 18
edge_saw_rise: 3 Δτ, 2 count, in rise-subscriber 19
edge_saw_rise: 3 Δτ, 2 count, in rise-subscriber 20
edge_saw_rise: 3 Δτ, 2 count, in rise-subscriber 21
edge_saw_rise: 3 Δτ, 2 count, in rise-subscriber 22
edge_saw_rise: 3 Δτ, 2 count, in rise-subscriber 23
edge_saw_rise: 3 Δτ, 2 count, in rise-subscriber 24
edge_saw_rise: 3 Δτ, 2 count, in rise-subscriber 25
edge_saw_rise: 3 Δτ, 2 count, in rise-subscriber 26
edge_saw_rise: 3 Δτ, 2 count, in rise-subscriber 27
edge_saw_rise: 3 Δτ, 2 count, in rise-subscriber 28
edge_saw_rise: 3 Δτ, 2 count, in rise-subscriber 29
edge_saw_rise: 3 Δτ, 2 count, in rise-subscriber 30
edge_saw_rise: 3 Δτ, 2 count, in rise-subscriber 31
edge_saw_rise: 3 Δτ, 2 count, in rise-subscriber 32
edge_saw_rise: 3 Δτ, 2 count, in rise-subscriber 33
edge_saw_rise: 3 Δτ, 2 count, in rise-subscriber 34
edge_saw_rise: 3 Δτ, 2 count, in rise-subscriber 35
edge_saw_rise: 3 Δτ, 2 count, in rise-subscriber 36
edge_saw_rise: 3 Δτ, 2 count, in rise-subscriber 37
edge_saw_rise: 3 Δτ, 2 count, in rise-subscriber 38
edge_saw_rise: 3 Δτ, 2 count, in rise-subscriber 39
edge_saw_rise: 3 Δτ, 2 count, in rise-subscriber 40
edge_saw_rise: 3 Δτ, 2 count, in rise-subscriber 41
edge_saw_rise: 3 Δτ, 2 count, in rise-subscriber 42
edge_saw_rise: 3 Δτ, 2 count, in rise-subscriber 43
edge_saw_rise: 3 Δτ, 2 count, in rise-subscriber 44
edge_saw_rise: 3 Δτ, 2 count, in rise-subscriber 45
edge_saw_rise: 3 Δτ, 2 count, in rise-subscriber 46
edge_saw_rise: 3 Δτ, 2 count, in rise-subscriber 47
edge_saw_rise: 3 Δτ, 2 count, in rise-subscriber 48
edge_saw_rise: 3 Δτ, 2 count, in rise-subscriber 49
edge_saw_fall: 6 Δτ, 2 count, in fall-subscriber 0
edge_saw_fall: 6 Δτ, 2 count, in fall-subscriber 1
edge_saw_fall: 6 Δτ, 2 count, in fall-subscriber 2
edge_saw_fall: 6 Δτ, 2 count, in fall-subscriber 3
edge_saw_fall: 6 Δτ, 2 count, in fall-subscriber 4
edge_saw_fall: 6 Δτ, 2 count, in fall-subscriber 5
edge_saw_fall: 6 Δτ, 2 count, in fall-subscriber 6
edge_saw_fall: 6 Δτ, 2 count, in fall-subscriber 7
edge_saw_fall: 6 Δτ, 2 count, in fall-subscriber 8
edge_saw_fall: 6 Δτ, 2 count, in fall-subscriber 9
edge_saw_fall: 6 Δτ, 2 count, in fall-subscriber 10
edge_saw_fall: 6 Δτ, 2 count, in fall-subscriber 11
edge_saw_fall: 6 Δτ, 2 count, in fall-subscriber 12
edge_saw_fall: 6 Δτ, 2 count, in fall-subscriber 13
edge_saw_fall: 6 Δτ, 2 count, in fall-subscriber 14
edge_saw_fall: 6 Δτ, 2 count, in fall-subscriber 15
edge_saw_fall: 6 Δτ, 2 count, in fall-subscriber 16
edge_saw_fall: 6 Δτ, 2 count, in fall-subscriber 17
edge_saw_fall: 6 Δτ, 2 count, in fall-subscriber 18
edge_saw_fall: 6 Δτ, 2 count, in fall-subscriber 19
edge_saw_fall: 6 Δτ, 2 count, in fall-subscriber 20
edge_saw_fall: 6 Δτ, 2 count, in fall-subscriber 21
edge_saw_fall: 6 Δτ, 2 count, in fall-subscriber 22
edge_saw_fall: 6 Δτ, 2 count, in fall-subscriber 23
edge_saw_fall: 6 Δτ, 2 count, in fall-subscriber 24
edge_saw_fall: 6 Δτ, 2 count, in fall-subscriber 25
edge_saw_fall: 6 Δτ, 2 count, in fall-subscriber 26
edge_saw_fall: 6 Δτ, 2 count, in fall-subscriber 27
edge_saw_fall: 6 Δτ, 2 count, in fall-subscriber 28
edge_saw_fall: 6 Δτ, 2 count, in fall-subscriber 29
edge_saw_fall: 6 Δτ, 2 count, in fall-subscriber 30
edge_saw_fall: 6 Δτ, 2 count, in fall-subscriber 31
edge_saw_fall: 6 Δτ, 2 count, in fall-subscriber 32
edge_saw_fall: 6 Δτ, 2 count, in fall-subscriber 33
edge_saw_fall: 6 Δτ, 2 count, in fall-subscriber 34
edge_saw_fall: 6 Δτ, 2 count, in fall-subscriber 35
edge_saw_fall: 6 Δτ, 2 count, in fall-subscriber 36
edge_saw_fall: 6 Δτ, 2 count, in fall-subscriber 37
edge_saw_fall: 6 Δτ, 2 count, in fall-subscriber 38
edge_saw_fall: 6 Δτ, 2 count, in fall-subscriber 39
edge_saw_fall: 6 Δτ, 2 count, in fall-subscriber 40
edge_saw_fall: 6 Δτ, 2 count, in fall-subscriber 41
edge_saw_fall: 6 Δτ, 2 count, in fall-subscriber 42
edge_saw_fall: 6 Δτ, 2 count, in fall-subscriber 43
edge_saw_fall: 6 Δτ, 2 count, in fall-subscriber 44
edge_saw_fall: 6 Δτ, 2 count, in fall-subscriber 45
edge_saw_fall: 6 Δτ, 2 count, in fall-subscriber 46
edge_saw_fall: 6 Δτ, 2 count, in fall-subscriber 47
edge_saw_fall: 6 Δτ, 2 count, in fall-subscriber 48
edge_saw_fall: 6 Δτ, 2 count, in fall-subscriber 49
